---
source: src/app/render.rs
expression: t.backend()
---
" ⌂  │  #42 Add warp drive                                                       "
" Conversation  |  Files  |  Checks  |  Commits                                  "
"Loading files…                                                                  "
"                                                                                "
"                                                                                "
"                                                                                "
"                                                                                "
"                                                                                "
"                                                                                "
" ↵ Open file  v Start review  m Merge                ␣ actions · : cmd · ? keys "
