---
source: src/ui/components/table.rs
expression: render_at(160)
---
   # Title                                                                                                                                              Author  
   1 A very long pull request title that should ellipsize when narrow                                                                                   octocat 
   2 short                                                                                                                                              hubot
