---
source: src/ui/components/modal.rs
expression: terminal.backend()
---
"╭Submit Review───────────────────────────────────╮"
"│Body                                            │"
"│                                                │"
"│                                                │"
"│                                                │"
"│                                                │"
"│                                                │"
"│                                                │"
"│                                                │"
"│                                                │"
"│                                                │"
"│                                                │"
"│                                                │"
"│                                                │"
"│                                                │"
"╰────────────────────────────────────────────────╯"
