---
source: tests/integration/e2e_dashboard.rs
expression: terminal.backend()
---
"╭ Review requested (1) ────────────────────────────────────────────────────────╮"
"│             # Title                              Author              +      −│"
"│  ✓ ·     #101 fix: handle null user              alice             +10     -2│"
"│                                                                              │"
"│                                                                              │"
"│                                                                              │"
"│                                                                              │"
"╰──────────────────────────────────────────────────────────────────────────────╯"
"╭ Authored (1) ────────────────────────────────────────────────────────────────╮"
"│             # Title                              Author              +      −│"
"│  ✓ ·     #202 feat: add export                   octocat           +10     -2│"
"│                                                                              │"
"│                                                                              │"
"│                                                                              │"
"│                                                                              │"
"╰──────────────────────────────────────────────────────────────────────────────╯"
"╭ Assigned (0) ────────────────────────────────────────────────────────────────╮"
"│             # Title                              Author              +      −│"
"│   Nothing assigned to you                                                    │"
"│                                                                              │"
"│                                                                              │"
"│                                                                              │"
"│                                                                              │"
"╰──────────────────────────────────────────────────────────────────────────────╯"
