---
source: src/ui/pr_detail.rs
assertion_line: 928
expression: terminal.backend()
---
"No commits.                                                                     "
"                                                                                "
"                                                                                "
"                                                                                "
"                                                                                "
