---
source: src/ui/pr_detail.rs
expression: terminal.backend()
---
"#42  Add warp drive  [OPEN]  [MERGEABLE]  ✓ ·                                   "
"                                                                                "
"Fixes #42. Details here.                                                        "
"                                                                                "
"                                                                                "
"✎ alice 5y ago                                                                  "
"Looks good but needs tests.                                                     "
"                                                                                "
"────────────────────────────────────────────────────────────────────────────────"
"─────────────────────── old_sha → abcd123 (force-pushed) ───────────────────────"
"────────────────────────────────────────────────────────────────────────────────"
"★ bob 5y ago  Approved                                                          "
"LGTM                                                                            "
"                                                                                "
"────────────────────────────────────────────────────────────────────────────────"
"▸ src/lib.rs:10 [resolved]  (2 comments)                                        "
"                                                                                "
"                                                                                "
"                                                                                "
"                                                                                "
"                                                                                "
"                                                                                "
"                                                                                "
"                                                                                "
"                                                                                "
"                                                                                "
"                                                                                "
"                                                                                "
"                                                                                "
"                                                                                "
