---
source: src/ui/pr_detail.rs
expression: terminal.backend()
---
"#42  Add warp drive  [DRAFT]  [MERGEABLE]  ✓ ·                                  "
"                                                                                "
"                                                                                "
"No activity yet.                                                                "
"                                                                                "
"                                                                                "
"                                                                                "
"                                                                                "
"                                                                                "
"                                                                                "
