---
source: src/ui/help.rs
expression: terminal.backend()
---
"╭ Help — Dashboard ────────────────────────────────────────────────────────────╮"
"│↵          Open                                                               │"
"│f          Filter                                                             │"
"│s          Sort                                                               │"
"│           ── Global ──                                                       │"
"│R          Refresh                                                            │"
"│␣          Actions                                                            │"
"│:          Command palette                                                    │"
"│?          Help / keys                                                        │"
"│q          Quit                                                               │"
"│w          Close tab                                                          │"
"│↹          Next tab                                                           │"
"│⇧↹         Prev tab                                                           │"
"│—          Dashboard                                                          │"
"│                                                                              │"
"│                                                                              │"
"│                                                                              │"
"│                                                                              │"
"│                                                                              │"
"│                                                                              │"
"│                                                                              │"
"│                                                                              │"
"│                                                                              │"
"│                                                                              │"
"│                                                                              │"
"│                                                                              │"
"│                                                                              │"
"│                                                                              │"
"│                                                                              │"
"╰──────────────────────────────────────────────────────────────────────────────╯"
