---
source: src/ui/pr_list.rs
expression: terminal.backend()
---
"Loading PRs…                                                                    "
"                                                                                "
"                                                                                "
"                                                                                "
"                                                                                "
