---
source: src/ui/files_split.rs
expression: terminal.backend()
---
"╭ Files ──────────────────────────────────╮╭ Diff ─────────────────────────────────────────────────────────────────────╮"
"│M src/main.rs                            ││diff --git a/src/lib.rs b/src/lib.rs                                       │"
"│A src/lib.rs                             ││index 0000000..1111111 100644                                              │"
"│                                         ││--- /dev/null                                                              │"
"│                                         ││+++ b/src/lib.rs                                                           │"
"│                                         ││@@ -0,0 +1,5 @@                                                            │"
"│                                         ││+pub fn foo() {}                                                           │"
"│                                         ││                                                                           │"
"│                                         ││                                                                           │"
"│                                         ││                                                                           │"
"│                                         ││                                                                           │"
"│                                         ││                                                                           │"
"│                                         ││                                                                           │"
"│                                         ││                                                                           │"
"│                                         ││                                                                           │"
"│                                         ││                                                                           │"
"│                                         ││                                                                           │"
"│                                         ││                                                                           │"
"│                                         ││                                                                           │"
"╰─────────────────────────────────────────╯╰───────────────────────────────────────────────────────────────────────────╯"
